Copyright 1986-2022 Xilinx, Inc. All Rights Reserved. Copyright 2022-2025 Advanced Micro Devices, Inc. All Rights Reserved.
-------------------------------------------------------------------------------------------------------------------------------------------------------------------------
| Tool Version     : Vivado v.2025.2 (lin64) Build 6299465 Fri Nov 14 12:34:56 MST 2025
| Date             : Sat Jun 27 15:16:58 2026
| Host             : death running 64-bit CachyOS
| Command          : report_power -file filter_seeds_core_power_routed.rpt -pb filter_seeds_core_power_summary_routed.pb -rpx filter_seeds_core_power_routed.rpx
| Design           : filter_seeds_core
| Device           : xc7k480tffg1156-2
| Design State     : routed
| Grade            : commercial
| Process          : typical
| Characterization : Production
-------------------------------------------------------------------------------------------------------------------------------------------------------------------------

Power Report

Table of Contents
-----------------
1. Summary
1.1 On-Chip Components
1.2 Power Supply Summary
1.3 Confidence Level
2. Settings
2.1 Environment
2.2 Clock Constraints
3. Detailed Reports
3.1 By Hierarchy

1. Summary
----------

+--------------------------+--------------+
| Total On-Chip Power (W)  | 1.384        |
| Design Power Budget (W)  | Unspecified* |
| Power Budget Margin (W)  | NA           |
| Dynamic (W)              | 1.157        |
| Device Static (W)        | 0.227        |
| Effective TJA (C/W)      | 1.4          |
| Max Ambient (C)          | 83.0         |
| Junction Temperature (C) | 27.0         |
| Confidence Level         | Low          |
| Setting File             | ---          |
| Simulation Activity File | ---          |
| Design Nets Matched      | NA           |
+--------------------------+--------------+
* Specify Design Power Budget using, set_operating_conditions -design_power_budget <value in Watts>


1.1 On-Chip Components
----------------------

+-------------------------+-----------+----------+-----------+-----------------+
| On-Chip                 | Power (W) | Used     | Available | Utilization (%) |
+-------------------------+-----------+----------+-----------+-----------------+
| Clocks                  |     0.214 |        3 |       --- |             --- |
| Slice Logic             |     0.289 |    25554 |       --- |             --- |
|   LUT as Shift Register |     0.103 |     2310 |    108600 |            2.13 |
|   LUT as Logic          |     0.097 |     2901 |    298600 |            0.97 |
|   Register              |     0.065 |    15153 |    597200 |            2.54 |
|   CARRY4                |     0.024 |      989 |     74650 |            1.32 |
|   Others                |     0.000 |     2835 |       --- |             --- |
| Signals                 |     0.462 |    19537 |       --- |             --- |
| DSPs                    |     0.191 |       61 |      1920 |            3.18 |
| I/O                     |     0.002 |      130 |       400 |           32.50 |
| Static Power            |     0.227 |          |           |                 |
| Total                   |     1.384 |          |           |                 |
+-------------------------+-----------+----------+-----------+-----------------+


1.2 Power Supply Summary
------------------------

+-----------+-------------+-----------+-------------+------------+-------------+-------------+------------+
| Source    | Voltage (V) | Total (A) | Dynamic (A) | Static (A) | Powerup (A) | Budget (A)  | Margin (A) |
+-----------+-------------+-----------+-------------+------------+-------------+-------------+------------+
| Vccint    |       1.000 |     1.274 |       1.157 |      0.117 |       NA    | Unspecified | NA         |
| Vccaux    |       1.800 |     0.038 |       0.000 |      0.038 |       NA    | Unspecified | NA         |
| Vcco33    |       3.300 |     0.000 |       0.000 |      0.000 |       NA    | Unspecified | NA         |
| Vcco25    |       2.500 |     0.000 |       0.000 |      0.000 |       NA    | Unspecified | NA         |
| Vcco18    |       1.800 |     0.001 |       0.000 |      0.001 |       NA    | Unspecified | NA         |
| Vcco15    |       1.500 |     0.000 |       0.000 |      0.000 |       NA    | Unspecified | NA         |
| Vcco135   |       1.350 |     0.000 |       0.000 |      0.000 |       NA    | Unspecified | NA         |
| Vcco12    |       1.200 |     0.000 |       0.000 |      0.000 |       NA    | Unspecified | NA         |
| Vccaux_io |       1.800 |     0.000 |       0.000 |      0.000 |       NA    | Unspecified | NA         |
| Vccbram   |       1.000 |     0.003 |       0.000 |      0.003 |       NA    | Unspecified | NA         |
| MGTAVcc   |       1.000 |     0.000 |       0.000 |      0.000 |       NA    | Unspecified | NA         |
| MGTAVtt   |       1.200 |     0.000 |       0.000 |      0.000 |       NA    | Unspecified | NA         |
| MGTVccaux |       1.800 |     0.000 |       0.000 |      0.000 |       NA    | Unspecified | NA         |
| Vccadc    |       1.800 |     0.020 |       0.000 |      0.020 |       NA    | Unspecified | NA         |
+-----------+-------------+-----------+-------------+------------+-------------+-------------+------------+


1.3 Confidence Level
--------------------

+-----------------------------+------------+--------------------------------------------------------+------------------------------------------------------------------------------------------------------------+
| User Input Data             | Confidence | Details                                                | Action                                                                                                     |
+-----------------------------+------------+--------------------------------------------------------+------------------------------------------------------------------------------------------------------------+
| Design implementation state | High       | Design is routed                                       |                                                                                                            |
| Clock nodes activity        | High       | User specified more than 95% of clocks                 |                                                                                                            |
| I/O nodes activity          | Low        | More than 75% of inputs are missing user specification | Provide missing input activity with simulation results or by editing the "By Resource Type -> I/Os" view   |
| Internal nodes activity     | Medium     | User specified less than 25% of internal nodes         | Provide missing internal nodes activity with simulation results or by editing the "By Resource Type" views |
| Device models               | High       | Device models are Production                           |                                                                                                            |
|                             |            |                                                        |                                                                                                            |
| Overall confidence level    | Low        |                                                        |                                                                                                            |
+-----------------------------+------------+--------------------------------------------------------+------------------------------------------------------------------------------------------------------------+


2. Settings
-----------

2.1 Environment
---------------

+-----------------------+--------------------------+
| Ambient Temp (C)      | 25.0                     |
| ThetaJA (C/W)         | 1.4                      |
| Airflow (LFM)         | 250                      |
| Heat Sink             | medium (Medium Profile)  |
| ThetaSA (C/W)         | 2.4                      |
| Board Selection       | medium (10"x10")         |
| # of Board Layers     | 12to15 (12 to 15 Layers) |
| Board Temperature (C) | 25.0                     |
+-----------------------+--------------------------+


2.2 Clock Constraints
---------------------

+-------------+--------+-----------------+
| Clock       | Domain | Constraint (ns) |
+-------------+--------+-----------------+
| sys_clk_pin | clock  |             2.5 |
+-------------+--------+-----------------+


3. Detailed Reports
-------------------

3.1 By Hierarchy
----------------

+--------------------------------+-----------+
| Name                           | Power (W) |
+--------------------------------+-----------+
| filter_seeds_core              |     1.157 |
|   add_0a_0b                    |     0.003 |
|     U0                         |     0.003 |
|       xst_addsub               |     0.003 |
|   add_1a_1b                    |     0.003 |
|     U0                         |     0.003 |
|       xst_addsub               |     0.003 |
|   add_2a_2b                    |     0.003 |
|     U0                         |     0.003 |
|       xst_addsub               |     0.003 |
|   add_mask_0a                  |     0.005 |
|     U0                         |     0.005 |
|       xst_addsub               |     0.005 |
|   add_mask_0b                  |     0.005 |
|     U0                         |     0.005 |
|       xst_addsub               |     0.005 |
|   add_mask_1a                  |     0.005 |
|     U0                         |     0.005 |
|       xst_addsub               |     0.005 |
|   add_mask_1b                  |     0.005 |
|     U0                         |     0.005 |
|       xst_addsub               |     0.005 |
|   add_mask_2a                  |     0.004 |
|     U0                         |     0.004 |
|       xst_addsub               |     0.004 |
|   add_mask_2b                  |     0.005 |
|     U0                         |     0.005 |
|       xst_addsub               |     0.005 |
|   mul_11_1a                    |     0.012 |
|     U0                         |     0.012 |
|       i_mult                   |     0.012 |
|   mul_11_1b                    |     0.012 |
|     U0                         |     0.012 |
|       i_mult                   |     0.012 |
|   mul_35_0a                    |     0.012 |
|     U0                         |     0.012 |
|       i_mult                   |     0.012 |
|   mul_35_0b                    |     0.012 |
|     U0                         |     0.012 |
|       i_mult                   |     0.012 |
|   mul_4_2a                     |     0.010 |
|     U0                         |     0.010 |
|       i_mult                   |     0.010 |
|   mul_4_2b                     |     0.011 |
|     U0                         |     0.011 |
|       i_mult                   |     0.011 |
|   noiserandom_a_nextInternalHi |     0.079 |
|     add_lh                     |     0.016 |
|       U0                       |     0.016 |
|     add_lr                     |     0.017 |
|       U0                       |     0.017 |
|   noiserandom_a_nextInternalLo |     0.080 |
|     add_lh                     |     0.016 |
|       U0                       |     0.016 |
|     add_lr                     |     0.017 |
|       U0                       |     0.017 |
|   noiserandom_b_nextInternalHi |     0.088 |
|     add_lh                     |     0.017 |
|       U0                       |     0.017 |
|     add_lr                     |     0.017 |
|       U0                       |     0.017 |
|   noiserandom_b_nextInternalLo |     0.079 |
|     add_lh                     |     0.016 |
|       U0                       |     0.016 |
|     add_lr                     |     0.017 |
|       U0                       |     0.017 |
|   oym_0a                       |     0.035 |
|     add_lh                     |     0.016 |
|       U0                       |     0.016 |
|     add_lr                     |     0.010 |
|       U0                       |     0.010 |
|   oym_0b                       |     0.035 |
|     add_lh                     |     0.015 |
|       U0                       |     0.015 |
|     add_lr                     |     0.010 |
|       U0                       |     0.010 |
|   oym_1a                       |     0.038 |
|     add_lh                     |     0.016 |
|       U0                       |     0.016 |
|     add_lr                     |     0.010 |
|       U0                       |     0.010 |
|   oym_1b                       |     0.036 |
|     add_lh                     |     0.015 |
|       U0                       |     0.015 |
|     add_lr                     |     0.010 |
|       U0                       |     0.010 |
|   oym_2a                       |     0.047 |
|     add_lh                     |     0.016 |
|       U0                       |     0.016 |
|     add_lr                     |     0.010 |
|       U0                       |     0.010 |
|   oym_2b                       |     0.046 |
|     add_lh                     |     0.015 |
|       U0                       |     0.015 |
|     add_lr                     |     0.010 |
|       U0                       |     0.010 |
|   seed_forker                  |     0.384 |
|     add_l2_to_h2               |     0.017 |
|       U0                       |     0.017 |
|     add_l2_to_r2               |     0.017 |
|       U0                       |     0.017 |
|     add_l_plus_h               |     0.017 |
|       U0                       |     0.017 |
|     add_l_to_r1                |     0.016 |
|       U0                       |     0.016 |
|     mix64_1_h                  |     0.048 |
|       U0                       |     0.048 |
|     mix64_1_l                  |     0.045 |
|       U0                       |     0.045 |
|     mix64_2_h                  |     0.051 |
|       U0                       |     0.051 |
|     mix64_2_l                  |     0.052 |
|       U0                       |     0.052 |
|     mix64_gr_1                 |     0.007 |
|       U0                       |     0.007 |
|   sub_0a                       |     0.006 |
|     U0                         |     0.006 |
|       xst_addsub               |     0.006 |
|   sub_0b                       |     0.005 |
|     U0                         |     0.005 |
|       xst_addsub               |     0.005 |
|   sub_1a                       |     0.005 |
|     U0                         |     0.005 |
|       xst_addsub               |     0.005 |
|   sub_1b                       |     0.005 |
|     U0                         |     0.005 |
|       xst_addsub               |     0.005 |
|   sub_2a                       |     0.005 |
|     U0                         |     0.005 |
|       xst_addsub               |     0.005 |
|   sub_2b                       |     0.005 |
|     U0                         |     0.005 |
|       xst_addsub               |     0.005 |
+--------------------------------+-----------+


